---
source: alpm-mtree/tests/correct_syntax.rs
description: "#mtree\n/set type=file uid=1000 gid=1000 mode=2755\n# A file with the name './testðŸŒ âš™Â§\\testðŸŒ tâš™eÂ§s\\t'\n# That name contains 4-byte, 3-byte, 2-byte and 1-byte (ASCII) utf-8 chars at different positions\n# and directly following each other.\n./test\\360\\237\\214\\240\\342\\232\\231\\302\\247\\134test\\360\\237\\214\\240t\\342\\232\\231e\\302\\247s\\134t time=1735223362.298404625 mode=644 size=0 sha256digest=e3b0c44298fc1c149afbf4c8996fb92427ae41e4649b934ca495991b7852b855\n"
expression: pretty_json
snapshot_kind: text
---
[
  {
    "type": "file",
    "path": "./testðŸŒ âš™Â§\\testðŸŒ tâš™eÂ§s\\t",
    "uid": 1000,
    "gid": 1000,
    "mode": "644",
    "size": 0,
    "time": 1735223362,
    "sha256_digest": "e3b0c44298fc1c149afbf4c8996fb92427ae41e4649b934ca495991b7852b855"
  }
]
